// Jest Snapshot v1, https://goo.gl/fbAQLP

exports[`<BrowseReviews /> BrowseReviews Component should render correctly 1`] = `
<div
  className="BrowseReviews"
  style={
    Object {
      "overflowX": "auto",
    }
  }
>
  <Loader
    active={false}
  />
  <div>
    <Connect(BackButton)
      preset="coursePage"
    />
    <Link
      style={
        Object {
          "textAlign": "center",
        }
      }
      to="/labtool/courses/TKT20010.2018.K.A.1"
    >
      <h2>
         
        Aineopintojen harjoitustyö: Tietorakenteet ja algoritmit (periodi IV, 2017-2018)
      </h2>
    </Link>
    <Card
      className="studentCard"
      color="yellow"
      fluid={true}
      key="0"
    >
      <CardContent>
        <Header
          as="h2"
        >
          Maarit Mirja
           
          Opiskelija
           (
          014578343
          )
          <HeaderSubheader>
            <a
              href="mailto:maarit.opiskelija@helsinki.invalid"
            >
              maarit.opiskelija@helsinki.invalid
            </a>
          </HeaderSubheader>
        </Header>
        <div
          style={
            Object {
              "display": "inline-block",
            }
          }
        >
          Tiran labraprojekti
          : 
          <RepoLink
            url="http://github.com/tiralabra1"
          />
          <br />
          <p
            className="noOther"
          >
            Has no other participation in this course
          </p>
        </div>
        <Button
          as="button"
          color="red"
          onClick={[Function]}
          style={
            Object {
              "float": "right",
            }
          }
        >
          Mark as dropped
        </Button>
      </CardContent>
    </Card>
    <span
      key="1"
    >
      <Button
        as="button"
        onClick={[Function]}
        size="small"
        type="button"
      >
        Show all reviews
      </Button>
      <br />
    </span>
    <Accordion
      fluid={true}
      id="review0"
      key="2"
      styled={true}
    >
      <AccordionTitle
        index={0}
        onClick={[Function]}
      >
        <Icon
          as="i"
          name="dropdown"
        />
         
        Week 1
        , points 
        3
      </AccordionTitle>
      <AccordionContent>
        <h3>
          Review
        </h3>
        <Card
          color="yellow"
          fluid={true}
        >
          <CardContent>
            <h4>
               Points 
              3
               
            </h4>
            <h4>
               Feedback 
            </h4>
            <ReactMarkdown
              astPlugins={Array []}
              escapeHtml={true}
              parserOptions={Object {}}
              plugins={Array []}
              rawSourcePos={false}
              renderers={Object {}}
              skipHtml={false}
              sourcePos={false}
              transformLinkUri={[Function]}
            >
              Hienoa työtä!
            </ReactMarkdown>
             
            <span />
          </CardContent>
          <CardContent
            style={
              Object {
                "paddingBottom": "5px",
              }
            }
          >
            <Button
              as="button"
              onClick={[Function]}
              size="small"
              type="button"
            >
              Send email notification
            </Button>
          </CardContent>
        </Card>
        <Link
          to="/labtool/reviewstudent/TKT20010.2018.K.A.1/10011/1"
        >
          <Popup
            content="Edit review"
            disabled={false}
            eventsEnabled={true}
            offset={0}
            on={
              Array [
                "click",
                "hover",
              ]
            }
            pinned={false}
            position="top left"
            trigger={
              <Button
                as="button"
                circular={true}
                color="orange"
                icon={
                  Object {
                    "color": "black",
                    "name": "edit",
                    "size": "large",
                  }
                }
                size="tiny"
              />
            }
          />
        </Link>
        <CommentGroup />
        <withRouter(Connect(LabtoolAddComment))
          allowHidden={true}
          commentFieldId="TKT20010.2018.K.A.1:10001"
          handleSubmit={[Function]}
          weekId={10001}
        />
      </AccordionContent>
    </Accordion>
    <Accordion
      fluid={true}
      id="review1"
      key="3"
      styled={true}
    >
      <AccordionTitle
        index={1}
        onClick={[Function]}
      >
        <Icon
          as="i"
          name="dropdown"
        />
         
        Week 2
        , points 
        2
      </AccordionTitle>
      <AccordionContent>
        <h3>
          Review
        </h3>
        <Card
          color="yellow"
          fluid={true}
        >
          <CardContent>
            <h4>
               Points 
              2
               
            </h4>
            <h4>
               Feedback 
            </h4>
            <ReactMarkdown
              astPlugins={Array []}
              escapeHtml={true}
              parserOptions={Object {}}
              plugins={Array []}
              rawSourcePos={false}
              renderers={Object {}}
              skipHtml={false}
              sourcePos={false}
              transformLinkUri={[Function]}
            >
              Melko hienoa työtä!
            </ReactMarkdown>
             
            <div>
              <br />
              <h4>
                Review notes for instructors 
              </h4>
              <ReactMarkdown
                astPlugins={Array []}
                escapeHtml={true}
                parserOptions={Object {}}
                plugins={Array []}
                rawSourcePos={false}
                renderers={Object {}}
                skipHtml={false}
                sourcePos={false}
                transformLinkUri={[Function]}
              >
                READMEssa ongelmia
              </ReactMarkdown>
               
            </div>
          </CardContent>
          <CardContent
            style={
              Object {
                "paddingBottom": "5px",
              }
            }
          >
            <Button
              as="button"
              onClick={[Function]}
              size="small"
              type="button"
            >
              Send email notification
            </Button>
          </CardContent>
        </Card>
        <Link
          to="/labtool/reviewstudent/TKT20010.2018.K.A.1/10011/2"
        >
          <Popup
            content="Edit review"
            disabled={false}
            eventsEnabled={true}
            offset={0}
            on={
              Array [
                "click",
                "hover",
              ]
            }
            pinned={false}
            position="top left"
            trigger={
              <Button
                as="button"
                circular={true}
                color="orange"
                icon={
                  Object {
                    "color": "black",
                    "name": "edit",
                    "size": "large",
                  }
                }
                size="tiny"
              />
            }
          />
        </Link>
        <CommentGroup />
        <withRouter(Connect(LabtoolAddComment))
          allowHidden={true}
          commentFieldId="TKT20010.2018.K.A.1:10002"
          handleSubmit={[Function]}
          weekId={10002}
        />
      </AccordionContent>
    </Accordion>
    <Accordion
      fluid={true}
      id="review2"
      key="4"
      styled={true}
    >
      <AccordionTitle
        index={2}
        onClick={[Function]}
      >
        <Icon
          as="i"
          name="dropdown"
        />
         
        Week 3
        , points 
        3
      </AccordionTitle>
      <AccordionContent>
        <h3>
          Review
        </h3>
        <Card
          color="yellow"
          fluid={true}
        >
          <CardContent>
            <h4>
               Points 
              3
               
            </h4>
            <h4>
               Feedback 
            </h4>
            <ReactMarkdown
              astPlugins={Array []}
              escapeHtml={true}
              parserOptions={Object {}}
              plugins={Array []}
              rawSourcePos={false}
              renderers={Object {}}
              skipHtml={false}
              sourcePos={false}
              transformLinkUri={[Function]}
            >
              Erittäin hienoa työtä!
            </ReactMarkdown>
             
            <span />
          </CardContent>
          <CardContent
            style={
              Object {
                "paddingBottom": "5px",
              }
            }
          >
            <Button
              as="button"
              onClick={[Function]}
              size="small"
              type="button"
            >
              Send email notification
            </Button>
          </CardContent>
        </Card>
        <Link
          to="/labtool/reviewstudent/TKT20010.2018.K.A.1/10011/3"
        >
          <Popup
            content="Edit review"
            disabled={false}
            eventsEnabled={true}
            offset={0}
            on={
              Array [
                "click",
                "hover",
              ]
            }
            pinned={false}
            position="top left"
            trigger={
              <Button
                as="button"
                circular={true}
                color="orange"
                icon={
                  Object {
                    "color": "black",
                    "name": "edit",
                    "size": "large",
                  }
                }
                size="tiny"
              />
            }
          />
        </Link>
        <CommentGroup />
        <withRouter(Connect(LabtoolAddComment))
          allowHidden={true}
          commentFieldId="TKT20010.2018.K.A.1:10003"
          handleSubmit={[Function]}
          weekId={10003}
        />
      </AccordionContent>
    </Accordion>
    <Accordion
      fluid={true}
      id="review3"
      key="5"
      styled={true}
    >
      <AccordionTitle
        index={3}
        onClick={[Function]}
      >
        <Icon
          as="i"
          name="dropdown"
        />
         
        Week 4
        , points 
        3
      </AccordionTitle>
      <AccordionContent>
        <h3>
          Review
        </h3>
        <Card
          color="yellow"
          fluid={true}
        >
          <CardContent>
            <h4>
               Points 
              3
               
            </h4>
            <h4>
               Feedback 
            </h4>
            <ReactMarkdown
              astPlugins={Array []}
              escapeHtml={true}
              parserOptions={Object {}}
              plugins={Array []}
              rawSourcePos={false}
              renderers={Object {}}
              skipHtml={false}
              sourcePos={false}
              transformLinkUri={[Function]}
            >
              Hyvin menee!
            </ReactMarkdown>
             
            <span />
          </CardContent>
          <CardContent
            style={
              Object {
                "paddingBottom": "5px",
              }
            }
          >
            <Button
              as="button"
              onClick={[Function]}
              size="small"
              type="button"
            >
              Send email notification
            </Button>
          </CardContent>
        </Card>
        <Link
          to="/labtool/reviewstudent/TKT20010.2018.K.A.1/10011/4"
        >
          <Popup
            content="Edit review"
            disabled={false}
            eventsEnabled={true}
            offset={0}
            on={
              Array [
                "click",
                "hover",
              ]
            }
            pinned={false}
            position="top left"
            trigger={
              <Button
                as="button"
                circular={true}
                color="orange"
                icon={
                  Object {
                    "color": "black",
                    "name": "edit",
                    "size": "large",
                  }
                }
                size="tiny"
              />
            }
          />
        </Link>
        <CommentGroup />
        <withRouter(Connect(LabtoolAddComment))
          allowHidden={true}
          commentFieldId="TKT20010.2018.K.A.1:10004"
          handleSubmit={[Function]}
          weekId={10004}
        />
      </AccordionContent>
    </Accordion>
    <Accordion
      fluid={true}
      id="review4"
      key="6"
      styled={true}
    >
      <AccordionTitle
        index={4}
        onClick={[Function]}
      >
        <Icon
          as="i"
          name="dropdown"
        />
         
        Week 5
         
      </AccordionTitle>
      <AccordionContent>
        <h3>
          Review
        </h3>
        <Link
          to="/labtool/reviewstudent/TKT20010.2018.K.A.1/10011/5"
        >
          <Popup
            content="Review week"
            disabled={false}
            eventsEnabled={true}
            offset={0}
            on={
              Array [
                "click",
                "hover",
              ]
            }
            pinned={false}
            position="top left"
            trigger={
              <Button
                as="button"
                circular={true}
                color="orange"
                icon={
                  Object {
                    "color": "black",
                    "name": "edit",
                    "size": "large",
                  }
                }
                size="tiny"
              />
            }
          />
        </Link>
        <h4>
           Not Graded 
        </h4>
        <h4>
           No comments 
        </h4>
      </AccordionContent>
    </Accordion>
    <Accordion
      fluid={true}
      id="review5"
      key="7"
      styled={true}
    >
      <AccordionTitle
        index={5}
        onClick={[Function]}
      >
        <Icon
          as="i"
          name="dropdown"
        />
         
        Week 6
         
      </AccordionTitle>
      <AccordionContent>
        <h3>
          Review
        </h3>
        <Link
          to="/labtool/reviewstudent/TKT20010.2018.K.A.1/10011/6"
        >
          <Popup
            content="Review week"
            disabled={false}
            eventsEnabled={true}
            offset={0}
            on={
              Array [
                "click",
                "hover",
              ]
            }
            pinned={false}
            position="top left"
            trigger={
              <Button
                as="button"
                circular={true}
                color="orange"
                icon={
                  Object {
                    "color": "black",
                    "name": "edit",
                    "size": "large",
                  }
                }
                size="tiny"
              />
            }
          />
        </Link>
        <h4>
           Not Graded 
        </h4>
        <h4>
           No comments 
        </h4>
      </AccordionContent>
    </Accordion>
    <Accordion
      fluid={true}
      id="review6"
      key="8"
      styled={true}
    >
      <AccordionTitle
        index={6}
        onClick={[Function]}
      >
        <Icon
          as="i"
          name="dropdown"
        />
         
        Week 7
         
      </AccordionTitle>
      <AccordionContent>
        <h3>
          Review
        </h3>
        <Link
          to="/labtool/reviewstudent/TKT20010.2018.K.A.1/10011/7"
        >
          <Popup
            content="Review week"
            disabled={false}
            eventsEnabled={true}
            offset={0}
            on={
              Array [
                "click",
                "hover",
              ]
            }
            pinned={false}
            position="top left"
            trigger={
              <Button
                as="button"
                circular={true}
                color="orange"
                icon={
                  Object {
                    "color": "black",
                    "name": "edit",
                    "size": "large",
                  }
                }
                size="tiny"
              />
            }
          />
        </Link>
        <h4>
           Not Graded 
        </h4>
        <h4>
           No comments 
        </h4>
      </AccordionContent>
    </Accordion>
    <Accordion
      fluid={true}
      id="review7"
      key="9"
      styled={true}
    >
       
      <AccordionTitle
        index={8}
        onClick={[Function]}
      >
        <Icon
          as="i"
          name="dropdown"
        />
         Code Review 
         
      </AccordionTitle>
      <AccordionContent>
        <p>
          <strong>
            Project to review:
          </strong>
           
          Tira super projekti
           
          <br />
          <strong>
            GitHub:
          </strong>
           
          <a
            href="http://github.com/superprojekti"
            rel="noopener noreferrer"
            target="_blank"
          >
            http://github.com/superprojekti
          </a>
        </p>
        <strong>
          Code review:
        </strong>
         
        <a
          href="https:github.com/toReview/repo/pull/1"
          rel="noopener noreferrer"
          target="_blank"
        >
          https:github.com/toReview/repo/pull/1
        </a>
        <h4>
          Not graded yet
        </h4>
        <Form
          as="form"
          onSubmit={[Function]}
        >
          <label>
            Points 
          </label>
          <Input
            defaultValue=""
            name="points"
            step="0.01"
            style={
              Object {
                "width": "100px",
              }
            }
            type="number"
          />
          <Input
            type="submit"
            value="Grade"
          />
        </Form>
      </AccordionContent>
    </Accordion>
    <Accordion
      fluid={true}
      id="review8"
      key="10"
      styled={true}
    >
       
      <AccordionTitle
        index={9}
        onClick={[Function]}
      >
        <Icon
          as="i"
          name="dropdown"
        />
         Code Review 
         
      </AccordionTitle>
      <AccordionContent>
        <p>
          <span>
            This student is assigned a repo that doesn't belong to this course to review
          </span>
          <br />
          <strong>
            GitHub:
          </strong>
           
          <a
            href="https://github.com/userName/arbitraryRepo"
            rel="noopener noreferrer"
            target="_blank"
          >
            https://github.com/userName/arbitraryRepo
          </a>
        </p>
        <strong>
          Code review:
        </strong>
         
        No review linked yet
        <h4>
          Not graded yet
        </h4>
        <Form
          as="form"
          onSubmit={[Function]}
        >
          <label>
            Points 
          </label>
          <Input
            defaultValue=""
            name="points"
            step="0.01"
            style={
              Object {
                "width": "100px",
              }
            }
            type="number"
          />
          <Input
            type="submit"
            value="Grade"
          />
        </Form>
      </AccordionContent>
    </Accordion>
  </div>
</div>
`;
