// Jest Snapshot v1, https://goo.gl/fbAQLP

exports[`<MassEmailPage /> MassEmailPage Component should render correctly 1`] = `
<div
  style={
    Object {
      "overflowX": "auto",
      "overflowY": "hidden",
    }
  }
>
  <div
    className="TeacherMassEmailPart"
  >
    <Header
      as="h2"
    >
      Send email to students 
    </Header>
    <Button
      as="button"
      onClick={[Function]}
    >
      Select all non-dropped students
    </Button>
    <Form
      as="form"
      onSubmit={[Function]}
    >
      <Connect(StudentTable)
        allowModify={false}
        columns={
          Array [
            "select",
            "instructor",
          ]
        }
        courseData={
          Object {
            "data": Array [
              Object {
                "Tags": Array [
                  Object {
                    "color": "grey",
                    "id": 20008,
                    "name": "DROPPED",
                  },
                  Object {
                    "color": "yellow",
                    "id": 20002,
                    "name": "HTML",
                  },
                ],
                "User": Object {
                  "createdAt": "2018-03-26T00:00:00.000Z",
                  "email": "teras.henkilo@helsinki.invalid",
                  "firsts": "Teräs",
                  "id": 10031,
                  "lastname": "Henkilö",
                  "studentNumber": "014666666",
                  "sysop": false,
                  "teacher": false,
                  "updatedAt": "2018-03-26T00:00:00.000Z",
                  "username": "superopiskelija",
                },
                "codeReviews": Array [],
                "courseInstanceId": 10011,
                "createdAt": "2018-03-26T00:00:00.000Z",
                "github": "http://github.com/superprojekti",
                "id": 10031,
                "projectName": "Tira super projekti",
                "teacherInstanceId": 10011,
                "updatedAt": "2018-06-05T07:12:28.603Z",
                "userId": 10031,
                "weeks": Array [],
              },
              Object {
                "Tags": Array [],
                "User": Object {
                  "createdAt": "2018-03-26T00:00:00.000Z",
                  "email": "maarit.opiskelija@helsinki.invalid",
                  "firsts": "Maarit Mirja",
                  "id": 10011,
                  "lastname": "Opiskelija",
                  "studentNumber": "014578343",
                  "sysop": false,
                  "teacher": false,
                  "updatedAt": "2018-03-26T00:00:00.000Z",
                  "username": "tiraopiskelija1",
                },
                "codeReviews": Array [],
                "courseInstanceId": 10011,
                "createdAt": "2018-03-26T00:00:00.000Z",
                "github": "http://github.com/tiralabra1",
                "id": 10011,
                "projectName": "Tiran labraprojekti",
                "teacherInstanceId": 10011,
                "updatedAt": "2018-03-26T00:00:00.000Z",
                "userId": 10011,
                "weeks": Array [],
              },
              Object {
                "Tags": Array [
                  Object {
                    "color": "red",
                    "id": 20001,
                    "name": "Javascript",
                  },
                ],
                "User": Object {
                  "createdAt": "2018-03-26T00:00:00.000Z",
                  "email": "johan.studerande@helsinki.invalid",
                  "firsts": "Johan Wilhelm",
                  "id": 10012,
                  "lastname": "Studerande",
                  "studentNumber": "014553242",
                  "sysop": false,
                  "teacher": false,
                  "updatedAt": "2018-03-26T00:00:00.000Z",
                  "username": "tiraopiskelija2",
                },
                "codeReviews": Array [],
                "courseInstanceId": 10011,
                "createdAt": "2018-03-26T00:00:00.000Z",
                "github": "http://github.com/tiralabra2",
                "id": 10012,
                "projectName": "Tiran toinen labraprojekti",
                "teacherInstanceId": 10011,
                "updatedAt": "2018-03-26T00:00:00.000Z",
                "userId": 10012,
                "weeks": Array [],
              },
            ],
            "role": "teacher",
          }
        }
        coursePageLogic={
          Object {
            "filterByAssistant": 0,
            "filterByTag": Array [],
            "selectedTeacher": "",
            "showDropdown": "",
          }
        }
        disableDefaultFilter={false}
        filterStudents={[Function]}
        selectedInstance={
          Object {
            "data": Array [
              Object {
                "Tags": Array [
                  Object {
                    "color": "grey",
                    "id": 20008,
                    "name": "DROPPED",
                  },
                  Object {
                    "color": "yellow",
                    "id": 20002,
                    "name": "HTML",
                  },
                ],
                "User": Object {
                  "createdAt": "2018-03-26T00:00:00.000Z",
                  "email": "teras.henkilo@helsinki.invalid",
                  "firsts": "Teräs",
                  "id": 10031,
                  "lastname": "Henkilö",
                  "studentNumber": "014666666",
                  "sysop": false,
                  "teacher": false,
                  "updatedAt": "2018-03-26T00:00:00.000Z",
                  "username": "superopiskelija",
                },
                "codeReviews": Array [],
                "courseInstanceId": 10011,
                "createdAt": "2018-03-26T00:00:00.000Z",
                "github": "http://github.com/superprojekti",
                "id": 10031,
                "projectName": "Tira super projekti",
                "teacherInstanceId": 10011,
                "updatedAt": "2018-06-05T07:12:28.603Z",
                "userId": 10031,
                "weeks": Array [],
              },
              Object {
                "Tags": Array [],
                "User": Object {
                  "createdAt": "2018-03-26T00:00:00.000Z",
                  "email": "maarit.opiskelija@helsinki.invalid",
                  "firsts": "Maarit Mirja",
                  "id": 10011,
                  "lastname": "Opiskelija",
                  "studentNumber": "014578343",
                  "sysop": false,
                  "teacher": false,
                  "updatedAt": "2018-03-26T00:00:00.000Z",
                  "username": "tiraopiskelija1",
                },
                "codeReviews": Array [],
                "courseInstanceId": 10011,
                "createdAt": "2018-03-26T00:00:00.000Z",
                "github": "http://github.com/tiralabra1",
                "id": 10011,
                "projectName": "Tiran labraprojekti",
                "teacherInstanceId": 10011,
                "updatedAt": "2018-03-26T00:00:00.000Z",
                "userId": 10011,
                "weeks": Array [],
              },
              Object {
                "Tags": Array [
                  Object {
                    "color": "red",
                    "id": 20001,
                    "name": "Javascript",
                  },
                ],
                "User": Object {
                  "createdAt": "2018-03-26T00:00:00.000Z",
                  "email": "johan.studerande@helsinki.invalid",
                  "firsts": "Johan Wilhelm",
                  "id": 10012,
                  "lastname": "Studerande",
                  "studentNumber": "014553242",
                  "sysop": false,
                  "teacher": false,
                  "updatedAt": "2018-03-26T00:00:00.000Z",
                  "username": "tiraopiskelija2",
                },
                "codeReviews": Array [],
                "courseInstanceId": 10011,
                "createdAt": "2018-03-26T00:00:00.000Z",
                "github": "http://github.com/tiralabra2",
                "id": 10012,
                "projectName": "Tiran toinen labraprojekti",
                "teacherInstanceId": 10011,
                "updatedAt": "2018-03-26T00:00:00.000Z",
                "userId": 10012,
                "weeks": Array [],
              },
            ],
            "role": "teacher",
          }
        }
        studentInstances={
          Array [
            Object {
              "Tags": Array [
                Object {
                  "color": "grey",
                  "id": 20008,
                  "name": "DROPPED",
                },
                Object {
                  "color": "yellow",
                  "id": 20002,
                  "name": "HTML",
                },
              ],
              "User": Object {
                "createdAt": "2018-03-26T00:00:00.000Z",
                "email": "teras.henkilo@helsinki.invalid",
                "firsts": "Teräs",
                "id": 10031,
                "lastname": "Henkilö",
                "studentNumber": "014666666",
                "sysop": false,
                "teacher": false,
                "updatedAt": "2018-03-26T00:00:00.000Z",
                "username": "superopiskelija",
              },
              "codeReviews": Array [],
              "courseInstanceId": 10011,
              "createdAt": "2018-03-26T00:00:00.000Z",
              "github": "http://github.com/superprojekti",
              "id": 10031,
              "projectName": "Tira super projekti",
              "teacherInstanceId": 10011,
              "updatedAt": "2018-06-05T07:12:28.603Z",
              "userId": 10031,
              "weeks": Array [],
            },
            Object {
              "Tags": Array [],
              "User": Object {
                "createdAt": "2018-03-26T00:00:00.000Z",
                "email": "maarit.opiskelija@helsinki.invalid",
                "firsts": "Maarit Mirja",
                "id": 10011,
                "lastname": "Opiskelija",
                "studentNumber": "014578343",
                "sysop": false,
                "teacher": false,
                "updatedAt": "2018-03-26T00:00:00.000Z",
                "username": "tiraopiskelija1",
              },
              "codeReviews": Array [],
              "courseInstanceId": 10011,
              "createdAt": "2018-03-26T00:00:00.000Z",
              "github": "http://github.com/tiralabra1",
              "id": 10011,
              "projectName": "Tiran labraprojekti",
              "teacherInstanceId": 10011,
              "updatedAt": "2018-03-26T00:00:00.000Z",
              "userId": 10011,
              "weeks": Array [],
            },
            Object {
              "Tags": Array [
                Object {
                  "color": "red",
                  "id": 20001,
                  "name": "Javascript",
                },
              ],
              "User": Object {
                "createdAt": "2018-03-26T00:00:00.000Z",
                "email": "johan.studerande@helsinki.invalid",
                "firsts": "Johan Wilhelm",
                "id": 10012,
                "lastname": "Studerande",
                "studentNumber": "014553242",
                "sysop": false,
                "teacher": false,
                "updatedAt": "2018-03-26T00:00:00.000Z",
                "username": "tiraopiskelija2",
              },
              "codeReviews": Array [],
              "courseInstanceId": 10011,
              "createdAt": "2018-03-26T00:00:00.000Z",
              "github": "http://github.com/tiralabra2",
              "id": 10012,
              "projectName": "Tiran toinen labraprojekti",
              "teacherInstanceId": 10011,
              "updatedAt": "2018-03-26T00:00:00.000Z",
              "userId": 10012,
              "weeks": Array [],
            },
          ]
        }
        tags={
          Object {
            "tags": Array [
              Object {
                "color": "red",
                "createdAt": "2018-06-13T00:00:00.000Z",
                "id": 20001,
                "name": "Javascript",
                "updatedAt": "2018-06-13T00:00:00.000Z",
              },
              Object {
                "color": "yellow",
                "createdAt": "2018-06-13T00:00:00.000Z",
                "id": 20002,
                "name": "HTML",
                "updatedAt": "2018-06-13T00:00:00.000Z",
              },
              Object {
                "color": "black",
                "createdAt": "2018-06-13T00:00:00.000Z",
                "id": 20003,
                "name": "game",
                "updatedAt": "2018-06-13T00:00:00.000Z",
              },
              Object {
                "color": "green",
                "createdAt": "2018-06-13T00:00:00.000Z",
                "id": 20004,
                "name": "React",
                "updatedAt": "2018-06-13T00:00:00.000Z",
              },
              Object {
                "color": "blue",
                "createdAt": "2018-06-13T00:00:00.000Z",
                "id": 20005,
                "name": "Node.js",
                "updatedAt": "2018-06-13T00:00:00.000Z",
              },
              Object {
                "color": "orange",
                "createdAt": "2018-06-13T00:00:00.000Z",
                "id": 20006,
                "name": "Java",
                "updatedAt": "2018-06-13T00:00:00.000Z",
              },
              Object {
                "color": "pink",
                "createdAt": "2018-06-13T00:00:00.000Z",
                "id": 20007,
                "name": "FORTRAN",
                "updatedAt": "2018-06-13T00:00:00.000Z",
              },
              Object {
                "color": "grey",
                "createdAt": "2018-06-13T00:00:00.000Z",
                "id": 20008,
                "name": "DROPPED",
                "updatedAt": "2018-06-13T00:00:00.000Z",
              },
            ],
          }
        }
      />
      <br />
      <br />
      <MassEmailInput />
      <br />
      <br />
      <Link
        to="/labtool/courses/undefined"
      >
        <Button
          as="button"
          className="ui button"
          onClick={[Function]}
          type="cancel"
        >
          Cancel
        </Button>
      </Link>
    </Form>
    <br />
  </div>
  <br />
  <br />
  <br />
  <br />
  <br />
  <br />
  <br />
</div>
`;
