// Jest Snapshot v1, https://goo.gl/fbAQLP

exports[`<ReviewStudent /> ReviewStudent Component should render correctly 1`] = `
<div
  className="ReviewStudent"
  style={
    Object {
      "textAlign": "center",
      "textAlignVertical": "center",
    }
  }
>
  <h2>
     
    Aineopintojen harjoitustyö: Tietorakenteet ja algoritmit
  </h2>
  <h3>
     
    Maarit Mirja
     
    Opiskelija
     
    <div
      style={
        Object {
          "display": "inline-block",
          "padding": "0px 0px 0px 25px",
        }
      }
    >
      Tiran labraprojekti
      : 
      <RepoLink
        url="http://github.com/tiraopi1/tiralabra1"
      />
    </div>
    <div
      key="20003"
    >
      <Button
        as="button"
        className="mini ui black button"
        compact={true}
        floated="right"
      >
        game
      </Button>
    </div>
    <div
      key="20002"
    >
      <Button
        as="button"
        className="mini ui yellow button"
        compact={true}
        floated="right"
      >
        HTML
      </Button>
    </div>
    <div
      key="20001"
    >
      <Button
        as="button"
        className="mini ui red button"
        compact={true}
        floated="right"
      >
        Javascript
      </Button>
    </div>
  </h3>
  <h3>
    Week 
  </h3>
  <Grid>
    <GridRow
      columns={2}
    >
      <GridColumn>
        <div
          align="left"
        >
          <h3>
            Points from previous weeks: 
            0
             
          </h3>
          Week points: 
          0
           
          <br />
          Code review points: 
          0
        </div>
        <PreviousWeekDetails />
        <h2>
          Review
        </h2>
        <Form
          as="form"
          onSubmit={[Function]}
        >
          <FormGroup
            inline={true}
            unstackable={true}
          >
            <FormField>
              <label
                className="showMaxPoints"
              >
                Points 0-
                4
              </label>
              <Input
                name="points"
                onChange={[Function]}
                step="0.01"
                style={
                  Object {
                    "align": "center",
                    "width": "150px",
                  }
                }
                type="number"
                value={3}
              />
            </FormField>
          </FormGroup>
          <h4>
            Feedback
          </h4>
          <FormGroup
            inline={true}
            style={
              Object {
                "textAlignVertical": "top",
              }
            }
            unstackable={true}
          >
            <div
              style={
                Object {
                  "width": "100%",
                }
              }
            >
              <FormMarkdownTextArea
                name="comment"
                onChange={[Function]}
                style={
                  Object {
                    "height": "250px",
                    "width": "500px",
                  }
                }
                value="Hienoa työtä!"
              />
            </div>
          </FormGroup>
          <h4>
            Review notes
          </h4>
          <p>
            <em>
              Only shown to instructors on this course
            </em>
          </p>
          <FormGroup
            inline={true}
            style={
              Object {
                "textAlignVertical": "top",
              }
            }
            unstackable={true}
          >
            <div
              style={
                Object {
                  "width": "100%",
                }
              }
            >
              <FormMarkdownTextArea
                name="instructorNotes"
                onChange={[Function]}
                style={
                  Object {
                    "height": "150px",
                    "width": "500px",
                  }
                }
              />
            </div>
          </FormGroup>
          <FormField>
            <Button
              as="button"
              className="ui center floated green button"
              type="submit"
            >
              Save
            </Button>
            <Button
              as="button"
              className="ui center floated button"
              onClick={[Function]}
              type="button"
            >
              Save as draft
            </Button>
            <Link
              to="/labtool/browsereviews/TKT20010.2018.K.A.1/10011"
              type="Cancel"
            >
              <Button
                as="button"
                className="ui center floated button"
                onClick={[Function]}
                type="cancel"
              >
                Cancel
              </Button>
            </Link>
          </FormField>
        </Form>
      </GridColumn>
      <GridColumn>
        <h2>
          Checklist
        </h2>
        <div
          className="checklist"
        >
          <Card
            className="checklistCard"
            color="red"
            fluid={true}
            key="Koodi"
          >
            <CardContent
              header="Koodi"
            />
            <CardContent
              className="checklistCardRow"
              key="Koodin laatu"
              onClick={[Function]}
            >
              <FormField>
                <Grid>
                  <GridRow
                    style={
                      Object {
                        "cursor": "pointer",
                        "userSelect": "none",
                      }
                    }
                  >
                    <GridColumn
                      width={3}
                    >
                      <Icon
                        as="i"
                        name="circle outline"
                        size="large"
                        style={
                          Object {
                            "color": "black",
                          }
                        }
                      />
                    </GridColumn>
                    <GridColumn
                      width={10}
                    >
                      <span
                        style={
                          Object {
                            "flexGrow": 1,
                            "textAlign": "center",
                          }
                        }
                      >
                        Koodin laatu
                      </span>
                    </GridColumn>
                    <GridColumn
                      width={3}
                    >
                      <span>
                        undefined p / undefined p
                      </span>
                    </GridColumn>
                  </GridRow>
                </Grid>
              </FormField>
            </CardContent>
          </Card>
          <Card
            className="checklistCard"
            color="red"
            fluid={true}
            key="Algoritmit"
          >
            <CardContent
              header="Algoritmit"
            />
            <CardContent
              className="checklistCardRow"
              key="Algoritmin runko"
              onClick={[Function]}
            >
              <FormField>
                <Grid>
                  <GridRow
                    style={
                      Object {
                        "cursor": "pointer",
                        "userSelect": "none",
                      }
                    }
                  >
                    <GridColumn
                      width={3}
                    >
                      <Icon
                        as="i"
                        name="circle outline"
                        size="large"
                        style={
                          Object {
                            "color": "black",
                          }
                        }
                      />
                    </GridColumn>
                    <GridColumn
                      width={10}
                    >
                      <span
                        style={
                          Object {
                            "flexGrow": 1,
                            "textAlign": "center",
                          }
                        }
                      >
                        Algoritmin runko
                      </span>
                    </GridColumn>
                    <GridColumn
                      width={3}
                    >
                      <span>
                        undefined p / undefined p
                      </span>
                    </GridColumn>
                  </GridRow>
                </Grid>
              </FormField>
            </CardContent>
            <CardContent
              className="checklistCardRow"
              key="Tietorakenteita luotu"
              onClick={[Function]}
            >
              <FormField>
                <Grid>
                  <GridRow
                    style={
                      Object {
                        "cursor": "pointer",
                        "userSelect": "none",
                      }
                    }
                  >
                    <GridColumn
                      width={3}
                    >
                      <Icon
                        as="i"
                        name="circle outline"
                        size="large"
                        style={
                          Object {
                            "color": "black",
                          }
                        }
                      />
                    </GridColumn>
                    <GridColumn
                      width={10}
                    >
                      <span
                        style={
                          Object {
                            "flexGrow": 1,
                            "textAlign": "center",
                          }
                        }
                      >
                        Tietorakenteita luotu
                      </span>
                    </GridColumn>
                    <GridColumn
                      width={3}
                    >
                      <span>
                        undefined p / undefined p
                      </span>
                    </GridColumn>
                  </GridRow>
                </Grid>
              </FormField>
            </CardContent>
          </Card>
          <Card
            className="checklistCard"
            color="red"
            fluid={true}
            key="Dokumentaatio"
          >
            <CardContent
              header="Dokumentaatio"
            />
            <CardContent
              className="checklistCardRow"
              key="Readme"
              onClick={[Function]}
            >
              <FormField>
                <Grid>
                  <GridRow
                    style={
                      Object {
                        "cursor": "pointer",
                        "userSelect": "none",
                      }
                    }
                  >
                    <GridColumn
                      width={3}
                    >
                      <Icon
                        as="i"
                        name="circle outline"
                        size="large"
                        style={
                          Object {
                            "color": "black",
                          }
                        }
                      />
                    </GridColumn>
                    <GridColumn
                      width={10}
                    >
                      <span
                        style={
                          Object {
                            "flexGrow": 1,
                            "textAlign": "center",
                          }
                        }
                      >
                        Readme
                      </span>
                    </GridColumn>
                    <GridColumn
                      width={3}
                    >
                      <span>
                        undefined p / undefined p
                      </span>
                    </GridColumn>
                  </GridRow>
                </Grid>
              </FormField>
            </CardContent>
            <CardContent
              className="checklistCardRow"
              key="Tuntikirjanpito"
              onClick={[Function]}
            >
              <FormField>
                <Grid>
                  <GridRow
                    style={
                      Object {
                        "cursor": "pointer",
                        "userSelect": "none",
                      }
                    }
                  >
                    <GridColumn
                      width={3}
                    >
                      <Icon
                        as="i"
                        name="circle outline"
                        size="large"
                        style={
                          Object {
                            "color": "black",
                          }
                        }
                      />
                    </GridColumn>
                    <GridColumn
                      width={10}
                    >
                      <span
                        style={
                          Object {
                            "flexGrow": 1,
                            "textAlign": "center",
                          }
                        }
                      >
                        Tuntikirjanpito
                      </span>
                    </GridColumn>
                    <GridColumn
                      width={3}
                    >
                      <span>
                        undefined p / undefined p
                      </span>
                    </GridColumn>
                  </GridRow>
                </Grid>
              </FormField>
            </CardContent>
          </Card>
          <div>
            <Form
              as="form"
              className="checklistOutput"
              onSubmit={[Function]}
            >
              <FormTextArea
                as={[Function]}
                className="checklistOutputText"
                control={[Function]}
                name="text"
                style={
                  Object {
                    "height": "250px",
                    "width": "100%",
                  }
                }
                value="Koodin laadussa parantamisen varaa

Algoritmin runko puuttuu

Tietorakenteita ei ole luotu

README puuttuu

Tuntikirjanpito puuttuu

"
              />
              <p
                className="checklistOutputPoints"
              >
                points: 
                NaN
              </p>
              <input
                name="points"
                type="hidden"
                value={NaN}
              />
              <Button
                as="button"
                type="submit"
              >
                Copy to review fields
              </Button>
            </Form>
          </div>
        </div>
      </GridColumn>
    </GridRow>
  </Grid>
</div>
`;
