// Jest Snapshot v1, https://goo.gl/fbAQLP

exports[`<StudentTable /> StudentTable Component should render correctly 1`] = `
<Fragment>
  <div
    style={
      Object {
        "textAlign": "left",
      }
    }
  >
    <span>
      <span>
        Filter by instructor: 
      </span>
      <Dropdown
        additionLabel="Add "
        additionPosition="top"
        closeOnBlur={true}
        closeOnEscape={true}
        deburr={false}
        defaultValue={0}
        icon="dropdown"
        minCharacters={1}
        noResultsMessage="No results found."
        onChange={[Function]}
        openOnFocus={true}
        options={Array []}
        placeholder="Select Teacher"
        renderLabel={[Function]}
        scrolling={true}
        searchInput="text"
        selectOnBlur={true}
        selectOnNavigation={true}
        selection={true}
        style={
          Object {
            "width": "3em",
          }
        }
        wrapSelection={true}
      />
    </span>
    <span>
       Tag filters: 
    </span>
    <span>
      <span
        key="20001"
      >
        <Button
          as="button"
          className="mini ui red button basic"
          compact={true}
          onClick={[Function]}
        >
          Javascript
        </Button>
      </span>
      <span
        key="20002"
      >
        <Button
          as="button"
          className="mini ui yellow button basic"
          compact={true}
          onClick={[Function]}
        >
          HTML
        </Button>
      </span>
      <span
        key="20008"
      >
        <Button
          as="button"
          className="mini ui grey button basic"
          compact={true}
          onClick={[Function]}
        >
          DROPPED
        </Button>
      </span>
    </span>
  </div>
  <br />
  <Connect(HorizontalScrollable)>
    <Table
      as="table"
      celled={true}
      compact={true}
      singleLine={true}
      style={
        Object {
          "overflowX": "visible",
        }
      }
      unstackable={true}
    >
      <TableHeader
        as="thead"
      >
        <TableRow
          as="tr"
          cellAs="td"
        >
          <TableHeaderCell
            as="th"
            key="-1"
          >
            Student
          </TableHeaderCell>
          <TableHeaderCell
            as="th"
          >
            Project Info
          </TableHeaderCell>
          <TableHeaderCell
            as="th"
            width="six"
          >
            Instructor
          </TableHeaderCell>
        </TableRow>
      </TableHeader>
      <TableBody
        as="tbody"
      >
        <StudentTableRow
          addFilterTag={[Function]}
          associateTeacherToStudent={[MockFunction]}
          courseData={Object {}}
          coursePageLogic={
            Object {
              "filterByAssistant": 0,
              "filterByTag": Array [],
              "selectedStudents": Object {},
              "selectedTeacher": "",
              "showDropdown": "",
            }
          }
          data={
            Object {
              "Tags": Array [
                Object {
                  "color": "red",
                  "id": 20001,
                  "name": "Javascript",
                },
              ],
              "User": Object {
                "createdAt": "2018-03-26T00:00:00.000Z",
                "email": "johan.studerande@helsinki.invalid",
                "firsts": "Johan Wilhelm",
                "id": 10012,
                "lastname": "Studerande",
                "studentNumber": "014553242",
                "sysop": false,
                "teacher": false,
                "updatedAt": "2018-03-26T00:00:00.000Z",
                "username": "tiraopiskelija2",
              },
              "codeReviews": Array [],
              "courseInstanceId": 10011,
              "createdAt": "2018-03-26T00:00:00.000Z",
              "github": "http://github.com/tiralabra2",
              "id": 10012,
              "projectName": "Tiran toinen labraprojekti",
              "teacherInstanceId": 10011,
              "updatedAt": "2018-03-26T00:00:00.000Z",
              "userId": 10012,
              "weeks": Array [],
            }
          }
          dropDownTags={
            Array [
              Object {
                "key": 20001,
                "selected": false,
                "text": "Javascript",
                "value": 20001,
              },
              Object {
                "key": 20002,
                "selected": false,
                "text": "HTML",
                "value": 20002,
              },
              Object {
                "key": 20003,
                "selected": false,
                "text": "game",
                "value": 20003,
              },
              Object {
                "key": 20004,
                "selected": false,
                "text": "React",
                "value": 20004,
              },
              Object {
                "key": 20005,
                "selected": false,
                "text": "Node.js",
                "value": 20005,
              },
              Object {
                "key": 20006,
                "selected": false,
                "text": "Java",
                "value": 20006,
              },
              Object {
                "key": 20007,
                "selected": false,
                "text": "FORTRAN",
                "value": 20007,
              },
              Object {
                "key": 20008,
                "selected": false,
                "text": "DROPPED",
                "value": 20008,
              },
            ]
          }
          dropDownTeachers={Array []}
          extraColumns={Array []}
          getAllTags={[MockFunction]}
          key="tableRow10012"
          loggedInUser={Object {}}
          selectStudent={[MockFunction]}
          selectedInstance={
            Object {
              "data": Array [
                Object {
                  "Tags": Array [
                    Object {
                      "color": "red",
                      "id": 20001,
                      "name": "Javascript",
                    },
                  ],
                  "User": Object {
                    "createdAt": "2018-03-26T00:00:00.000Z",
                    "email": "johan.studerande@helsinki.invalid",
                    "firsts": "Johan Wilhelm",
                    "id": 10012,
                    "lastname": "Studerande",
                    "studentNumber": "014553242",
                    "sysop": false,
                    "teacher": false,
                    "updatedAt": "2018-03-26T00:00:00.000Z",
                    "username": "tiraopiskelija2",
                  },
                  "codeReviews": Array [],
                  "courseInstanceId": 10011,
                  "createdAt": "2018-03-26T00:00:00.000Z",
                  "github": "http://github.com/tiralabra2",
                  "id": 10012,
                  "projectName": "Tiran toinen labraprojekti",
                  "teacherInstanceId": 10011,
                  "updatedAt": "2018-03-26T00:00:00.000Z",
                  "userId": 10012,
                  "weeks": Array [],
                },
                Object {
                  "Tags": Array [
                    Object {
                      "color": "grey",
                      "id": 20008,
                      "name": "DROPPED",
                    },
                    Object {
                      "color": "yellow",
                      "id": 20002,
                      "name": "HTML",
                    },
                  ],
                  "User": Object {
                    "createdAt": "2018-03-26T00:00:00.000Z",
                    "email": "teras.henkilo@helsinki.invalid",
                    "firsts": "Teräs",
                    "id": 10031,
                    "lastname": "Henkilö",
                    "studentNumber": "014666666",
                    "sysop": false,
                    "teacher": false,
                    "updatedAt": "2018-03-26T00:00:00.000Z",
                    "username": "superopiskelija",
                  },
                  "codeReviews": Array [],
                  "courseInstanceId": 10011,
                  "createdAt": "2018-03-26T00:00:00.000Z",
                  "github": "http://github.com/superprojekti",
                  "id": 10031,
                  "projectName": "Tira super projekti",
                  "teacherInstanceId": 10011,
                  "updatedAt": "2018-06-05T07:12:28.603Z",
                  "userId": 10031,
                  "weeks": Array [],
                },
                Object {
                  "Tags": Array [],
                  "User": Object {
                    "createdAt": "2018-03-26T00:00:00.000Z",
                    "email": "maarit.opiskelija@helsinki.invalid",
                    "firsts": "Maarit Mirja",
                    "id": 10011,
                    "lastname": "Opiskelija",
                    "studentNumber": "014578343",
                    "sysop": false,
                    "teacher": false,
                    "updatedAt": "2018-03-26T00:00:00.000Z",
                    "username": "tiraopiskelija1",
                  },
                  "codeReviews": Array [],
                  "courseInstanceId": 10011,
                  "createdAt": "2018-03-26T00:00:00.000Z",
                  "github": "http://github.com/tiralabra1",
                  "id": 10011,
                  "projectName": "Tiran labraprojekti",
                  "teacherInstanceId": 10011,
                  "updatedAt": "2018-03-26T00:00:00.000Z",
                  "userId": 10011,
                  "weeks": Array [],
                },
              ],
              "role": "teacher",
            }
          }
          shouldHideInstructor={[Function]}
          showAssistantDropdown={[MockFunction]}
          showColumn={[Function]}
          showTagDropdown={[MockFunction]}
          studentInstances={
            Array [
              Object {
                "Tags": Array [
                  Object {
                    "color": "red",
                    "id": 20001,
                    "name": "Javascript",
                  },
                ],
                "User": Object {
                  "createdAt": "2018-03-26T00:00:00.000Z",
                  "email": "johan.studerande@helsinki.invalid",
                  "firsts": "Johan Wilhelm",
                  "id": 10012,
                  "lastname": "Studerande",
                  "studentNumber": "014553242",
                  "sysop": false,
                  "teacher": false,
                  "updatedAt": "2018-03-26T00:00:00.000Z",
                  "username": "tiraopiskelija2",
                },
                "codeReviews": Array [],
                "courseInstanceId": 10011,
                "createdAt": "2018-03-26T00:00:00.000Z",
                "github": "http://github.com/tiralabra2",
                "id": 10012,
                "projectName": "Tiran toinen labraprojekti",
                "teacherInstanceId": 10011,
                "updatedAt": "2018-03-26T00:00:00.000Z",
                "userId": 10012,
                "weeks": Array [],
              },
              Object {
                "Tags": Array [
                  Object {
                    "color": "grey",
                    "id": 20008,
                    "name": "DROPPED",
                  },
                  Object {
                    "color": "yellow",
                    "id": 20002,
                    "name": "HTML",
                  },
                ],
                "User": Object {
                  "createdAt": "2018-03-26T00:00:00.000Z",
                  "email": "teras.henkilo@helsinki.invalid",
                  "firsts": "Teräs",
                  "id": 10031,
                  "lastname": "Henkilö",
                  "studentNumber": "014666666",
                  "sysop": false,
                  "teacher": false,
                  "updatedAt": "2018-03-26T00:00:00.000Z",
                  "username": "superopiskelija",
                },
                "codeReviews": Array [],
                "courseInstanceId": 10011,
                "createdAt": "2018-03-26T00:00:00.000Z",
                "github": "http://github.com/superprojekti",
                "id": 10031,
                "projectName": "Tira super projekti",
                "teacherInstanceId": 10011,
                "updatedAt": "2018-06-05T07:12:28.603Z",
                "userId": 10031,
                "weeks": Array [],
              },
              Object {
                "Tags": Array [],
                "User": Object {
                  "createdAt": "2018-03-26T00:00:00.000Z",
                  "email": "maarit.opiskelija@helsinki.invalid",
                  "firsts": "Maarit Mirja",
                  "id": 10011,
                  "lastname": "Opiskelija",
                  "studentNumber": "014578343",
                  "sysop": false,
                  "teacher": false,
                  "updatedAt": "2018-03-26T00:00:00.000Z",
                  "username": "tiraopiskelija1",
                },
                "codeReviews": Array [],
                "courseInstanceId": 10011,
                "createdAt": "2018-03-26T00:00:00.000Z",
                "github": "http://github.com/tiralabra1",
                "id": 10011,
                "projectName": "Tiran labraprojekti",
                "teacherInstanceId": 10011,
                "updatedAt": "2018-03-26T00:00:00.000Z",
                "userId": 10011,
                "weeks": Array [],
              },
            ]
          }
          tagStudent={[MockFunction]}
          unTagStudent={[MockFunction]}
          unselectStudent={[MockFunction]}
          updateStudentProjectInfo={[MockFunction]}
        />
        <StudentTableRow
          addFilterTag={[Function]}
          associateTeacherToStudent={[MockFunction]}
          courseData={Object {}}
          coursePageLogic={
            Object {
              "filterByAssistant": 0,
              "filterByTag": Array [],
              "selectedStudents": Object {},
              "selectedTeacher": "",
              "showDropdown": "",
            }
          }
          data={
            Object {
              "Tags": Array [
                Object {
                  "color": "grey",
                  "id": 20008,
                  "name": "DROPPED",
                },
                Object {
                  "color": "yellow",
                  "id": 20002,
                  "name": "HTML",
                },
              ],
              "User": Object {
                "createdAt": "2018-03-26T00:00:00.000Z",
                "email": "teras.henkilo@helsinki.invalid",
                "firsts": "Teräs",
                "id": 10031,
                "lastname": "Henkilö",
                "studentNumber": "014666666",
                "sysop": false,
                "teacher": false,
                "updatedAt": "2018-03-26T00:00:00.000Z",
                "username": "superopiskelija",
              },
              "codeReviews": Array [],
              "courseInstanceId": 10011,
              "createdAt": "2018-03-26T00:00:00.000Z",
              "github": "http://github.com/superprojekti",
              "id": 10031,
              "projectName": "Tira super projekti",
              "teacherInstanceId": 10011,
              "updatedAt": "2018-06-05T07:12:28.603Z",
              "userId": 10031,
              "weeks": Array [],
            }
          }
          dropDownTags={
            Array [
              Object {
                "key": 20001,
                "selected": false,
                "text": "Javascript",
                "value": 20001,
              },
              Object {
                "key": 20002,
                "selected": false,
                "text": "HTML",
                "value": 20002,
              },
              Object {
                "key": 20003,
                "selected": false,
                "text": "game",
                "value": 20003,
              },
              Object {
                "key": 20004,
                "selected": false,
                "text": "React",
                "value": 20004,
              },
              Object {
                "key": 20005,
                "selected": false,
                "text": "Node.js",
                "value": 20005,
              },
              Object {
                "key": 20006,
                "selected": false,
                "text": "Java",
                "value": 20006,
              },
              Object {
                "key": 20007,
                "selected": false,
                "text": "FORTRAN",
                "value": 20007,
              },
              Object {
                "key": 20008,
                "selected": false,
                "text": "DROPPED",
                "value": 20008,
              },
            ]
          }
          dropDownTeachers={Array []}
          extraColumns={Array []}
          getAllTags={[MockFunction]}
          key="tableRow10031"
          loggedInUser={Object {}}
          selectStudent={[MockFunction]}
          selectedInstance={
            Object {
              "data": Array [
                Object {
                  "Tags": Array [
                    Object {
                      "color": "red",
                      "id": 20001,
                      "name": "Javascript",
                    },
                  ],
                  "User": Object {
                    "createdAt": "2018-03-26T00:00:00.000Z",
                    "email": "johan.studerande@helsinki.invalid",
                    "firsts": "Johan Wilhelm",
                    "id": 10012,
                    "lastname": "Studerande",
                    "studentNumber": "014553242",
                    "sysop": false,
                    "teacher": false,
                    "updatedAt": "2018-03-26T00:00:00.000Z",
                    "username": "tiraopiskelija2",
                  },
                  "codeReviews": Array [],
                  "courseInstanceId": 10011,
                  "createdAt": "2018-03-26T00:00:00.000Z",
                  "github": "http://github.com/tiralabra2",
                  "id": 10012,
                  "projectName": "Tiran toinen labraprojekti",
                  "teacherInstanceId": 10011,
                  "updatedAt": "2018-03-26T00:00:00.000Z",
                  "userId": 10012,
                  "weeks": Array [],
                },
                Object {
                  "Tags": Array [
                    Object {
                      "color": "grey",
                      "id": 20008,
                      "name": "DROPPED",
                    },
                    Object {
                      "color": "yellow",
                      "id": 20002,
                      "name": "HTML",
                    },
                  ],
                  "User": Object {
                    "createdAt": "2018-03-26T00:00:00.000Z",
                    "email": "teras.henkilo@helsinki.invalid",
                    "firsts": "Teräs",
                    "id": 10031,
                    "lastname": "Henkilö",
                    "studentNumber": "014666666",
                    "sysop": false,
                    "teacher": false,
                    "updatedAt": "2018-03-26T00:00:00.000Z",
                    "username": "superopiskelija",
                  },
                  "codeReviews": Array [],
                  "courseInstanceId": 10011,
                  "createdAt": "2018-03-26T00:00:00.000Z",
                  "github": "http://github.com/superprojekti",
                  "id": 10031,
                  "projectName": "Tira super projekti",
                  "teacherInstanceId": 10011,
                  "updatedAt": "2018-06-05T07:12:28.603Z",
                  "userId": 10031,
                  "weeks": Array [],
                },
                Object {
                  "Tags": Array [],
                  "User": Object {
                    "createdAt": "2018-03-26T00:00:00.000Z",
                    "email": "maarit.opiskelija@helsinki.invalid",
                    "firsts": "Maarit Mirja",
                    "id": 10011,
                    "lastname": "Opiskelija",
                    "studentNumber": "014578343",
                    "sysop": false,
                    "teacher": false,
                    "updatedAt": "2018-03-26T00:00:00.000Z",
                    "username": "tiraopiskelija1",
                  },
                  "codeReviews": Array [],
                  "courseInstanceId": 10011,
                  "createdAt": "2018-03-26T00:00:00.000Z",
                  "github": "http://github.com/tiralabra1",
                  "id": 10011,
                  "projectName": "Tiran labraprojekti",
                  "teacherInstanceId": 10011,
                  "updatedAt": "2018-03-26T00:00:00.000Z",
                  "userId": 10011,
                  "weeks": Array [],
                },
              ],
              "role": "teacher",
            }
          }
          shouldHideInstructor={[Function]}
          showAssistantDropdown={[MockFunction]}
          showColumn={[Function]}
          showTagDropdown={[MockFunction]}
          studentInstances={
            Array [
              Object {
                "Tags": Array [
                  Object {
                    "color": "red",
                    "id": 20001,
                    "name": "Javascript",
                  },
                ],
                "User": Object {
                  "createdAt": "2018-03-26T00:00:00.000Z",
                  "email": "johan.studerande@helsinki.invalid",
                  "firsts": "Johan Wilhelm",
                  "id": 10012,
                  "lastname": "Studerande",
                  "studentNumber": "014553242",
                  "sysop": false,
                  "teacher": false,
                  "updatedAt": "2018-03-26T00:00:00.000Z",
                  "username": "tiraopiskelija2",
                },
                "codeReviews": Array [],
                "courseInstanceId": 10011,
                "createdAt": "2018-03-26T00:00:00.000Z",
                "github": "http://github.com/tiralabra2",
                "id": 10012,
                "projectName": "Tiran toinen labraprojekti",
                "teacherInstanceId": 10011,
                "updatedAt": "2018-03-26T00:00:00.000Z",
                "userId": 10012,
                "weeks": Array [],
              },
              Object {
                "Tags": Array [
                  Object {
                    "color": "grey",
                    "id": 20008,
                    "name": "DROPPED",
                  },
                  Object {
                    "color": "yellow",
                    "id": 20002,
                    "name": "HTML",
                  },
                ],
                "User": Object {
                  "createdAt": "2018-03-26T00:00:00.000Z",
                  "email": "teras.henkilo@helsinki.invalid",
                  "firsts": "Teräs",
                  "id": 10031,
                  "lastname": "Henkilö",
                  "studentNumber": "014666666",
                  "sysop": false,
                  "teacher": false,
                  "updatedAt": "2018-03-26T00:00:00.000Z",
                  "username": "superopiskelija",
                },
                "codeReviews": Array [],
                "courseInstanceId": 10011,
                "createdAt": "2018-03-26T00:00:00.000Z",
                "github": "http://github.com/superprojekti",
                "id": 10031,
                "projectName": "Tira super projekti",
                "teacherInstanceId": 10011,
                "updatedAt": "2018-06-05T07:12:28.603Z",
                "userId": 10031,
                "weeks": Array [],
              },
              Object {
                "Tags": Array [],
                "User": Object {
                  "createdAt": "2018-03-26T00:00:00.000Z",
                  "email": "maarit.opiskelija@helsinki.invalid",
                  "firsts": "Maarit Mirja",
                  "id": 10011,
                  "lastname": "Opiskelija",
                  "studentNumber": "014578343",
                  "sysop": false,
                  "teacher": false,
                  "updatedAt": "2018-03-26T00:00:00.000Z",
                  "username": "tiraopiskelija1",
                },
                "codeReviews": Array [],
                "courseInstanceId": 10011,
                "createdAt": "2018-03-26T00:00:00.000Z",
                "github": "http://github.com/tiralabra1",
                "id": 10011,
                "projectName": "Tiran labraprojekti",
                "teacherInstanceId": 10011,
                "updatedAt": "2018-03-26T00:00:00.000Z",
                "userId": 10011,
                "weeks": Array [],
              },
            ]
          }
          tagStudent={[MockFunction]}
          unTagStudent={[MockFunction]}
          unselectStudent={[MockFunction]}
          updateStudentProjectInfo={[MockFunction]}
        />
        <StudentTableRow
          addFilterTag={[Function]}
          associateTeacherToStudent={[MockFunction]}
          courseData={Object {}}
          coursePageLogic={
            Object {
              "filterByAssistant": 0,
              "filterByTag": Array [],
              "selectedStudents": Object {},
              "selectedTeacher": "",
              "showDropdown": "",
            }
          }
          data={
            Object {
              "Tags": Array [],
              "User": Object {
                "createdAt": "2018-03-26T00:00:00.000Z",
                "email": "maarit.opiskelija@helsinki.invalid",
                "firsts": "Maarit Mirja",
                "id": 10011,
                "lastname": "Opiskelija",
                "studentNumber": "014578343",
                "sysop": false,
                "teacher": false,
                "updatedAt": "2018-03-26T00:00:00.000Z",
                "username": "tiraopiskelija1",
              },
              "codeReviews": Array [],
              "courseInstanceId": 10011,
              "createdAt": "2018-03-26T00:00:00.000Z",
              "github": "http://github.com/tiralabra1",
              "id": 10011,
              "projectName": "Tiran labraprojekti",
              "teacherInstanceId": 10011,
              "updatedAt": "2018-03-26T00:00:00.000Z",
              "userId": 10011,
              "weeks": Array [],
            }
          }
          dropDownTags={
            Array [
              Object {
                "key": 20001,
                "selected": false,
                "text": "Javascript",
                "value": 20001,
              },
              Object {
                "key": 20002,
                "selected": false,
                "text": "HTML",
                "value": 20002,
              },
              Object {
                "key": 20003,
                "selected": false,
                "text": "game",
                "value": 20003,
              },
              Object {
                "key": 20004,
                "selected": false,
                "text": "React",
                "value": 20004,
              },
              Object {
                "key": 20005,
                "selected": false,
                "text": "Node.js",
                "value": 20005,
              },
              Object {
                "key": 20006,
                "selected": false,
                "text": "Java",
                "value": 20006,
              },
              Object {
                "key": 20007,
                "selected": false,
                "text": "FORTRAN",
                "value": 20007,
              },
              Object {
                "key": 20008,
                "selected": false,
                "text": "DROPPED",
                "value": 20008,
              },
            ]
          }
          dropDownTeachers={Array []}
          extraColumns={Array []}
          getAllTags={[MockFunction]}
          key="tableRow10011"
          loggedInUser={Object {}}
          selectStudent={[MockFunction]}
          selectedInstance={
            Object {
              "data": Array [
                Object {
                  "Tags": Array [
                    Object {
                      "color": "red",
                      "id": 20001,
                      "name": "Javascript",
                    },
                  ],
                  "User": Object {
                    "createdAt": "2018-03-26T00:00:00.000Z",
                    "email": "johan.studerande@helsinki.invalid",
                    "firsts": "Johan Wilhelm",
                    "id": 10012,
                    "lastname": "Studerande",
                    "studentNumber": "014553242",
                    "sysop": false,
                    "teacher": false,
                    "updatedAt": "2018-03-26T00:00:00.000Z",
                    "username": "tiraopiskelija2",
                  },
                  "codeReviews": Array [],
                  "courseInstanceId": 10011,
                  "createdAt": "2018-03-26T00:00:00.000Z",
                  "github": "http://github.com/tiralabra2",
                  "id": 10012,
                  "projectName": "Tiran toinen labraprojekti",
                  "teacherInstanceId": 10011,
                  "updatedAt": "2018-03-26T00:00:00.000Z",
                  "userId": 10012,
                  "weeks": Array [],
                },
                Object {
                  "Tags": Array [
                    Object {
                      "color": "grey",
                      "id": 20008,
                      "name": "DROPPED",
                    },
                    Object {
                      "color": "yellow",
                      "id": 20002,
                      "name": "HTML",
                    },
                  ],
                  "User": Object {
                    "createdAt": "2018-03-26T00:00:00.000Z",
                    "email": "teras.henkilo@helsinki.invalid",
                    "firsts": "Teräs",
                    "id": 10031,
                    "lastname": "Henkilö",
                    "studentNumber": "014666666",
                    "sysop": false,
                    "teacher": false,
                    "updatedAt": "2018-03-26T00:00:00.000Z",
                    "username": "superopiskelija",
                  },
                  "codeReviews": Array [],
                  "courseInstanceId": 10011,
                  "createdAt": "2018-03-26T00:00:00.000Z",
                  "github": "http://github.com/superprojekti",
                  "id": 10031,
                  "projectName": "Tira super projekti",
                  "teacherInstanceId": 10011,
                  "updatedAt": "2018-06-05T07:12:28.603Z",
                  "userId": 10031,
                  "weeks": Array [],
                },
                Object {
                  "Tags": Array [],
                  "User": Object {
                    "createdAt": "2018-03-26T00:00:00.000Z",
                    "email": "maarit.opiskelija@helsinki.invalid",
                    "firsts": "Maarit Mirja",
                    "id": 10011,
                    "lastname": "Opiskelija",
                    "studentNumber": "014578343",
                    "sysop": false,
                    "teacher": false,
                    "updatedAt": "2018-03-26T00:00:00.000Z",
                    "username": "tiraopiskelija1",
                  },
                  "codeReviews": Array [],
                  "courseInstanceId": 10011,
                  "createdAt": "2018-03-26T00:00:00.000Z",
                  "github": "http://github.com/tiralabra1",
                  "id": 10011,
                  "projectName": "Tiran labraprojekti",
                  "teacherInstanceId": 10011,
                  "updatedAt": "2018-03-26T00:00:00.000Z",
                  "userId": 10011,
                  "weeks": Array [],
                },
              ],
              "role": "teacher",
            }
          }
          shouldHideInstructor={[Function]}
          showAssistantDropdown={[MockFunction]}
          showColumn={[Function]}
          showTagDropdown={[MockFunction]}
          studentInstances={
            Array [
              Object {
                "Tags": Array [
                  Object {
                    "color": "red",
                    "id": 20001,
                    "name": "Javascript",
                  },
                ],
                "User": Object {
                  "createdAt": "2018-03-26T00:00:00.000Z",
                  "email": "johan.studerande@helsinki.invalid",
                  "firsts": "Johan Wilhelm",
                  "id": 10012,
                  "lastname": "Studerande",
                  "studentNumber": "014553242",
                  "sysop": false,
                  "teacher": false,
                  "updatedAt": "2018-03-26T00:00:00.000Z",
                  "username": "tiraopiskelija2",
                },
                "codeReviews": Array [],
                "courseInstanceId": 10011,
                "createdAt": "2018-03-26T00:00:00.000Z",
                "github": "http://github.com/tiralabra2",
                "id": 10012,
                "projectName": "Tiran toinen labraprojekti",
                "teacherInstanceId": 10011,
                "updatedAt": "2018-03-26T00:00:00.000Z",
                "userId": 10012,
                "weeks": Array [],
              },
              Object {
                "Tags": Array [
                  Object {
                    "color": "grey",
                    "id": 20008,
                    "name": "DROPPED",
                  },
                  Object {
                    "color": "yellow",
                    "id": 20002,
                    "name": "HTML",
                  },
                ],
                "User": Object {
                  "createdAt": "2018-03-26T00:00:00.000Z",
                  "email": "teras.henkilo@helsinki.invalid",
                  "firsts": "Teräs",
                  "id": 10031,
                  "lastname": "Henkilö",
                  "studentNumber": "014666666",
                  "sysop": false,
                  "teacher": false,
                  "updatedAt": "2018-03-26T00:00:00.000Z",
                  "username": "superopiskelija",
                },
                "codeReviews": Array [],
                "courseInstanceId": 10011,
                "createdAt": "2018-03-26T00:00:00.000Z",
                "github": "http://github.com/superprojekti",
                "id": 10031,
                "projectName": "Tira super projekti",
                "teacherInstanceId": 10011,
                "updatedAt": "2018-06-05T07:12:28.603Z",
                "userId": 10031,
                "weeks": Array [],
              },
              Object {
                "Tags": Array [],
                "User": Object {
                  "createdAt": "2018-03-26T00:00:00.000Z",
                  "email": "maarit.opiskelija@helsinki.invalid",
                  "firsts": "Maarit Mirja",
                  "id": 10011,
                  "lastname": "Opiskelija",
                  "studentNumber": "014578343",
                  "sysop": false,
                  "teacher": false,
                  "updatedAt": "2018-03-26T00:00:00.000Z",
                  "username": "tiraopiskelija1",
                },
                "codeReviews": Array [],
                "courseInstanceId": 10011,
                "createdAt": "2018-03-26T00:00:00.000Z",
                "github": "http://github.com/tiralabra1",
                "id": 10011,
                "projectName": "Tiran labraprojekti",
                "teacherInstanceId": 10011,
                "updatedAt": "2018-03-26T00:00:00.000Z",
                "userId": 10011,
                "weeks": Array [],
              },
            ]
          }
          tagStudent={[MockFunction]}
          unTagStudent={[MockFunction]}
          unselectStudent={[MockFunction]}
          updateStudentProjectInfo={[MockFunction]}
        />
      </TableBody>
    </Table>
  </Connect(HorizontalScrollable)>
</Fragment>
`;

exports[`<StudentTableRow /> StudentTableRow Component should render correctly 1`] = `
<TableRow
  as="tr"
  cellAs="td"
  className="TableRowForDroppedOutStudent"
  key="10012"
>
  <TableCell
    as="td"
    key="select"
  >
    <Checkbox
      checked={false}
      id="select10012"
      onChange={[Function]}
      type="checkbox"
    />
  </TableCell>
  <TableCell
    as="td"
    key="studentinfo"
  >
    <Popup
      content="This student has invalid course registration"
      disabled={false}
      eventsEnabled={true}
      offset={0}
      on={
        Array [
          "click",
          "hover",
        ]
      }
      pinned={false}
      position="top left"
      trigger={
        <Icon
          as="i"
          color="black"
          name="warning"
        />
      }
    />
    <span>
      Johan Wilhelm
       
      Studerande
      <br />
      (
      014553242
      )
    </span>
  </TableCell>
  <TableCell
    as="td"
    key="projectinfo"
  >
    <span>
      Tiran toinen labraprojekti
      <br />
      <RepoLink
        url="http://github.com/tiralabra2"
      />
      <div>
        <span
          key="10012:20001"
          style={
            Object {
              "float": "left",
              "marginRight": "0.33em",
            }
          }
        >
          <ButtonGroup
            className="mini"
          >
            <Button
              as="button"
              className="mini ui red button"
              compact={true}
              style={
                Object {
                  "display": "inline-block",
                }
              }
            >
              Javascript
            </Button>
          </ButtonGroup>
        </span>
      </div>
    </span>
  </TableCell>
</TableRow>
`;
